== СРАВНЕНИЕ I/O МЕТОДОВ ===
Размер данных: 100 MB

1. Стандартная библиотека (буферизованный):
   Время: 7.59 сек

2. Системные вызовы с разными размерами буфера:
   Буфер   512 байт: 1.56 сек, 63.9 MB/сек, ~204800 syscall
   Буфер  1024 байт: 0.82 сек, 121.3 MB/сек, ~102400 syscall
   Буфер  4096 байт: 0.36 сек, 281.1 MB/сек, ~25600 syscall
   Буфер  8192 байт: 0.29 сек, 340.1 MB/сек, ~12800 syscall
   Буфер 16384 байт: 0.44 сек, 225.4 MB/сек, ~6400 syscall
   Буфер 32768 байт: 0.31 сек, 320.7 MB/сек, ~3200 syscall
   Буфер 65536 байт: 0.28 сек, 356.1 MB/сек, ~1600 syscall

=== РЕЗУЛЬТАТЫ ===
Метод                Время(сек)   Скорость(MB/сек)
--------------------------------------------------
stdio_buffered          7.59          13.2
syscall      512       1.56          63.9
syscall     1024       0.82         121.3
syscall     4096       0.36         281.1
syscall     8192       0.29         340.1
syscall    16384       0.44         225.4
syscall    32768       0.31         320.7
syscall    65536       0.28         356.1

Лучший результат: syscall_65536 - 0.28 сек
Худший результат: stdio_buffered - 7.59 сек
