ДО выделения памяти:

=== МЕТРИКИ ДО ===
VSZ (VmSize): 23,232 KB
RSS (VmRSS):  12,276 KB
=== ВЫДЕЛЕНИЕ ПАМЯТИ ===
✓ Выделено 1 KB в стеке
✓ Выделено 1 MB в куче
✗ Ошибка mmap: mmap can't specify both access and flags, prot.
Продолжаем без mmap...
✓ Выделено 1 MB через malloc (C)

ПОСЛЕ выделения памяти:

=== МЕТРИКИ ПОСЛЕ ===
VSZ (VmSize): 25,280 KB
RSS (VmRSS):  13,300 KB

=== КАРТА ПАМЯТИ /proc/self/maps ===
2a7f8000-2a98d000 rw-p 00000000 00:00 0                                  [heap]
7ffce5368000-7ffce5389000 rw-p 00000000 00:00 0                          [stack]

=== СИСТЕМНЫЕ УТИЛИТЫ ===
    PID COMMAND            VSZ   RSS
  36210 python3          25280 13464


=== АНАЛИЗ ===
Изменение VSZ: 2,048 KB
Изменение RSS: 1,024 KB
