=========================================
       ТЕСТ ДИСКОВОЙ НАГРУЗКИ
=========================================
Генерация дисковой нагрузки...

Подготовка к тесту - запустите мониторинг в других терминалах:
1. iostat -x 1 10
2. pidstat -d 1 10
3. sudo iotop -b -n 10
4. watch -n 1 'cat /proc/6150/io'


Нажмите Enter для продолжения...Создаю 5 файлов по 50 MB каждый...
PID процесса: 6150

Создаю файл: test_load/file_0.bin
  Записано: 5/50 MB
  Записано: 10/50 MB
  Записано: 15/50 MB
  Записано: 20/50 MB
  Записано: 25/50 MB
  Записано: 30/50 MB
  Записано: 35/50 MB
  Записано: 40/50 MB
  Записано: 45/50 MB
Файл создан: test_load/file_0.bin

Пауза 3 секунды перед созданием следующего файла...
Создаю файл: test_load/file_1.bin
  Записано: 5/50 MB
  Записано: 10/50 MB
  Записано: 15/50 MB
  Записано: 20/50 MB
  Записано: 25/50 MB
  Записано: 30/50 MB
  Записано: 35/50 MB
  Записано: 40/50 MB
  Записано: 45/50 MB
Файл создан: test_load/file_1.bin

Пауза 3 секунды перед созданием следующего файла...
Создаю файл: test_load/file_2.bin
  Записано: 5/50 MB
  Записано: 10/50 MB
  Записано: 15/50 MB
  Записано: 20/50 MB
  Записано: 25/50 MB
  Записано: 30/50 MB
  Записано: 35/50 MB
  Записано: 40/50 MB
  Записано: 45/50 MB
Файл создан: test_load/file_2.bin

Пауза 3 секунды перед созданием следующего файла...
Создаю файл: test_load/file_3.bin
  Записано: 5/50 MB
  Записано: 10/50 MB
  Записано: 15/50 MB
  Записано: 20/50 MB
  Записано: 25/50 MB
  Записано: 30/50 MB
  Записано: 35/50 MB
  Записано: 40/50 MB
  Записано: 45/50 MB
Файл создан: test_load/file_3.bin

Пауза 3 секунды перед созданием следующего файла...
Создаю файл: test_load/file_4.bin
  Записано: 5/50 MB
  Записано: 10/50 MB
  Записано: 15/50 MB
  Записано: 20/50 MB
  Записано: 25/50 MB
  Записано: 30/50 MB
  Записано: 35/50 MB
  Записано: 40/50 MB
  Записано: 45/50 MB
Файл создан: test_load/file_4.bin


Нагрузка завершена!


Нагрузка завершена. Проанализируйте данные мониторинга.
Нажмите Enter для продолжения...
Анализ планировщика I/O:
Текущий планировщик: none [mq-deadline] 

Для смены планировщика (требует root):
sudo bash -c 'echo "mq-deadline" > /sys/block/sda/queue/scheduler'
sudo bash -c 'echo "bfq" > /sys/block/sda/queue/scheduler'
sudo bash -c 'echo "none" > /sys/block/sda/queue/scheduler'


Нажмите Enter для очистки тестовых файлов...Нажмите Enter для продолжения...
Очистка тестовых файлов...
Очистка завершена!
