I/O Benchmark
=============
Test file size: [1m100[0m MB

========================================
Benchmark: I/O Methods Comparison
========================================

File size: 100 MB
Buffer size: 64 KB (for fwrite/write)

=== fwrite() with buffer = [1m64.0[0m KB ===
Time: 0.145 seconds
Throughput: [1m[32m687.78[0m MB/s

=== write() with buffer = [1m64.0[0m KB ===
Time: 0.135 seconds
Throughput: [1m[32m742.61[0m MB/s

=== mmap() ===
Time: 0.197 seconds
Throughput: [1m[32m507.40[0m MB/s

=== Summary ===
Fastest method: (compare results above)

Factors affecting performance:
- stdio (fwrite) has user-space buffering
- write() goes directly to kernel, but still uses page cache
- mmap() allows direct memory access, lazy writes
- Actual disk speed depends on: HDD vs SSD, filesystem, etc.


========================================
Benchmark: Buffer Size Impact
========================================

Testing write() with different buffer sizes:
File size: 100 MB

=== write() with buffer = [1m512[0m B ===
Time: 0.780 seconds
Throughput: [1m[32m128.19[0m MB/s

=== write() with buffer = [1m1.0[0m KB ===
Time: 0.480 seconds
Throughput: [1m[32m208.27[0m MB/s

=== write() with buffer = [1m4.0[0m KB ===
Time: 0.240 seconds
Throughput: [1m[32m416.78[0m MB/s

=== write() with buffer = [1m8.0[0m KB ===
Time: 0.184 seconds
Throughput: [1m[32m544.57[0m MB/s

=== write() with buffer = [1m16.0[0m KB ===
Time: 0.158 seconds
Throughput: [1m[32m634.56[0m MB/s

=== write() with buffer = [1m64.0[0m KB ===
Time: 0.139 seconds
Throughput: [1m[32m721.03[0m MB/s

=== write() with buffer = [1m512.0[0m KB ===
Time: 0.118 seconds
Throughput: [1m[32m845.93[0m MB/s

=== write() with buffer = [1m1024.0[0m KB ===
Time: 0.118 seconds
Throughput: [1m[32m849.96[0m MB/s

========================================
Benchmark completed!
========================================
