I/O Benchmark
=============
Test file size: [1m500[0m MB

========================================
Benchmark: I/O Methods Comparison
========================================

File size: 500 MB
Buffer size: 64 KB (for fwrite/write)

=== fwrite() with buffer = [1m64.0[0m KB ===
Time: 0.386 seconds
Throughput: [1m[32m1294.11[0m MB/s

=== write() with buffer = [1m64.0[0m KB ===
Time: 0.355 seconds
Throughput: [1m[32m1410.16[0m MB/s

=== mmap() ===
Time: 0.604 seconds
Throughput: [1m[32m827.49[0m MB/s

=== Summary ===
Fastest method: (compare results above)

Factors affecting performance:
- stdio (fwrite) has user-space buffering
- write() goes directly to kernel, but still uses page cache
- mmap() allows direct memory access, lazy writes
- Actual disk speed depends on: HDD vs SSD, filesystem, etc.


========================================
Benchmark: Buffer Size Impact
========================================

Testing write() with different buffer sizes:
File size: 500 MB

=== write() with buffer = [1m512[0m B ===
Time: 1.935 seconds
Throughput: [1m[32m258.34[0m MB/s

=== write() with buffer = [1m1.0[0m KB ===
Time: 1.160 seconds
Throughput: [1m[32m431.19[0m MB/s

=== write() with buffer = [1m4.0[0m KB ===
Time: 0.974 seconds
Throughput: [1m[32m513.20[0m MB/s

=== write() with buffer = [1m8.0[0m KB ===
Time: 0.874 seconds
Throughput: [1m[32m571.90[0m MB/s

=== write() with buffer = [1m16.0[0m KB ===
Time: 0.770 seconds
Throughput: [1m[32m649.05[0m MB/s

=== write() with buffer = [1m64.0[0m KB ===
Time: 0.685 seconds
Throughput: [1m[32m729.86[0m MB/s

=== write() with buffer = [1m512.0[0m KB ===
Time: 0.611 seconds
Throughput: [1m[32m818.93[0m MB/s

=== write() with buffer = [1m1024.0[0m KB ===
Time: 0.616 seconds
Throughput: [1m[32m811.31[0m MB/s

========================================
Benchmark completed!
========================================
