Результаты мониторинга дискового I/O:

Устройство: nvme0n1 (SSD)
Утилизация: 0.09%
Операции чтения: 4.94 r/s
Скорость чтения: 244.26 KB/s
Операции записи: 2.69 w/s  
Скорость записи: 289.16 KB/s
Время ожидания чтения: 0.27 мс
Время ожидания записи: 1.54 мс
Очередь запросов: 0.01

Созданные тестовые файлы:
- stress_file_0.bin (2 MB)
- stress_file_1.bin (2 MB) 
- stress_file_2.bin (2 MB)
- stress_file_3.bin (2 MB)
- stress_file_4.bin (2 MB)

Команды мониторинга:
iostat -x 2 3    # Общая статистика диска
pidstat -d 2 3   # I/O по процессам
cat /proc/PID/io # Статистика процесса

Выводы:
1. Очень низкая утилизация диска (0.09%) - система не нагружена
2. SSD обеспечивает низкие задержки (< 2 мс)
3. Маленькая очередь запросов - быстрый отклик
4. Нагрузка от тестов минимальна - данные кешируются в памяти
