Результаты сравнения методов I/O:

Размер буфера | fwrite (MB/s) | write (MB/s)
--------------|---------------|-------------
512 байт      | 1122.84       | 511.72
4 KB          | 2042.48       | 1939.49
16 KB         | 2748.76       | 2783.96
64 KB         | 3785.01       | 3503.85

Анализ результатов:

1. Производительность растет с увеличением размера буфера
2. fwrite быстрее на маленьких буферах (512B-4KB)
3. write догоняет на средних буферах (16KB)
4. Максимальная скорость достигается при 64KB буфере
5. fwrite: 3785 MB/s, write: 3503 MB/s при 64KB

Оптимальные размеры буфера:
- Минимум: 4 KB (хороший баланс)
- Оптимум: 16-64 KB (максимальная производительность)
- Максимум: 64 KB (дальнейший рост незначителен)

Выводы:
- Буферизация stdio (fwrite) эффективна для маленьких операций
- Прямые системные вызовы (write) эффективны для больших данных
- Page cache значительно ускоряет операции
